2025-11-04 11:55:23 Loading main app package /usr/lib/obsidian/obsidian.asar
2025-11-04 11:55:23 Checking for update using Github
2025-11-04 11:55:23 Success.
2025-11-04 11:55:23 Latest version is 1.9.14
2025-11-04 11:55:23 App is up to date.
2025-11-08 22:34:05 Loading main app package /usr/lib/obsidian/obsidian.asar
2025-11-08 22:34:05 Checking for update using Github
2025-11-08 22:34:06 Success.
2025-11-08 22:34:06 Latest version is 1.9.14
2025-11-08 22:34:06 App is up to date.
2025-11-08 22:37:53 Loading main app package /usr/lib/obsidian/obsidian.asar
2025-11-08 22:37:54 Checking for update using Github
2025-11-08 22:37:54 Success.
2025-11-08 22:37:54 Latest version is 1.9.14
2025-11-08 22:37:54 App is up to date.
2025-11-14 17:15:55 Loading main app package /usr/lib/obsidian/obsidian.asar
2025-11-14 17:15:55 Checking for update using Github
2025-11-14 17:15:56 Success.
2025-11-14 17:15:56 Latest version is 1.10.3
2025-11-14 17:15:56 App is up to date.
2025-11-14 18:15:55 Checking for update using Github
2025-11-14 18:15:55 Success.
2025-11-14 18:15:55 Latest version is 1.10.3
2025-11-14 18:15:55 App is up to date.
2025-11-15 10:39:15 Loading main app package /usr/lib/obsidian/obsidian.asar
2025-11-15 10:39:16 Checking for update using Github
2025-11-15 10:39:16 Success.
2025-11-15 10:39:16 Latest version is 1.10.3
2025-11-15 10:39:16 App is up to date.
2025-11-15 11:47:20 Checking for update using Github
2025-11-15 11:47:21 Success.
2025-11-15 11:47:21 Latest version is 1.10.3
2025-11-15 11:47:21 App is up to date.
2025-11-15 18:22:20 Loading main app package /usr/lib/obsidian/obsidian.asar
2025-11-15 18:22:20 Checking for update using Github
2025-11-15 18:22:21 Success.
2025-11-15 18:22:21 Latest version is 1.10.3
2025-11-15 18:22:21 App is up to date.
2025-11-15 20:59:06 Loading main app package /usr/lib/obsidian/obsidian.asar
2025-11-15 20:59:06 Checking for update using Github
2025-11-15 20:59:07 Success.
2025-11-15 20:59:07 Latest version is 1.10.3
2025-11-15 20:59:07 App is up to date.
2025-11-15 21:59:06 Checking for update using Github
2025-11-15 21:59:06 Success.
2025-11-15 21:59:06 Latest version is 1.10.3
2025-11-15 21:59:06 App is up to date.
2025-11-15 22:59:06 Checking for update using Github
2025-11-15 22:59:06 Success.
2025-11-15 22:59:06 Latest version is 1.10.3
2025-11-15 22:59:06 App is up to date.
2026-06-23 15:59:46 Loaded main app package /usr/lib/obsidian/obsidian.asar
2026-06-23 15:59:47 Checking for update using Github
2026-06-23 15:59:48 Success.
2026-06-23 15:59:48 Latest version is 1.12.7
2026-06-23 15:59:48 App is up to date.
2026-06-23 15:59:49 Loaded main app package /usr/lib/obsidian/obsidian.asar
2026-06-25 10:20:55 Loaded main app package /usr/lib/obsidian/obsidian.asar
2026-06-25 10:20:56 Checking for update using Github
2026-06-25 10:20:56 Success.
2026-06-25 10:20:56 Latest version is 1.12.7
2026-06-25 10:20:56 App is up to date.
2026-06-25 10:21:32 Checking for update using Github
2026-06-25 10:21:32 Success.
2026-06-25 10:21:32 Latest version is 1.12.7
2026-06-25 10:21:32 App is up to date.
2026-06-25 10:21:36 Checking for update using Github
2026-06-25 10:21:36 Success.
2026-06-25 10:21:36 Latest version is 1.12.7
2026-06-25 10:21:36 App is up to date.
2026-06-25 11:20:55 Checking for update using Github
2026-06-25 11:20:56 Success.
2026-06-25 11:20:56 Latest version is 1.12.7
2026-06-25 11:20:56 App is up to date.
2026-06-25 11:59:08 Loaded main app package /usr/lib/obsidian/obsidian.asar
2026-06-25 12:14:10 Loaded main app package /usr/lib/obsidian/obsidian.asar
2026-06-25 12:14:10 Checking for update using Github
2026-06-25 12:14:10 Success.
2026-06-25 12:14:10 Latest version is 1.12.7
2026-06-25 12:14:10 App is up to date.
2026-06-25 12:31:14 Loaded main app package /usr/lib/obsidian/obsidian.asar
2026-06-25 12:41:28 Loaded main app package /usr/lib/obsidian/obsidian.asar
2026-06-25 12:44:52 Loaded main app package /usr/lib/obsidian/obsidian.asar
2026-06-25 13:02:12 Loaded main app package /usr/lib/obsidian/obsidian.asar
2026-06-25 13:14:09 Checking for update using Github
2026-06-25 13:14:10 Success.
2026-06-25 13:14:10 Latest version is 1.12.7
2026-06-25 13:14:10 App is up to date.
